flutter : [36mWasm dry 
run findings:[39m
At line:1 char:1
+ flutter build web 2> E:\
artyug\artyug-main\build_e
rrors.txt; Get-Cont ...
+ ~~~~~~~~~~~~~~~~~~~~~~~~
~~~~~~~~~~~~~~~~~~~~~~~~~~
~~~~~~~~~
    + CategoryInfo        
      : NotSpecified: (  
  [36mWasm dry run find   
 ings:[39m:String) []    
, RemoteException
    + FullyQualifiedError 
   Id : NativeCommandErr  
  or
 
[36mFound 
incompatibilities[39m
[36mwith 
WebAssembly.[39m
[36m[39m
[36mpackage:share_plus/sr
c/shar[39m
[36me_plus_web.dart 1:1 
-[39m
[36mdart:html 
unsupported (0)[39m
[36m[39m

[36mConsider addressing 
these[39m
[36missues to enable 
wasm[39m
[36mbuilds. See docs for 
more[39m
[36minfo:[39m
[36mhttps://docs.flutter.
dev/pl[39m
[36matform-integration/we
b/wasm[39m
[36m[39m

[36mUse 
--no-wasm-dry-run to[39m
[36mdisable these 
warnings.[39m
[31mTarget dart2js 
failed:[39m
[31mProcessException: 
Process[39m
[31mexited abnormally 
with exit[39m
[31mcode 1:[39m
[31m.dart_tool/flutter_bu
ild/26[39m
[31mfd14d1a5ea4c7ae456c0e
acc587[39m
[31m559/web_plugin_regist
rant.d[39m
[31mart:12:8:[39m
[31mError: Error when 
reading[39m
[31m'/C:/Users/hiii/.puro
/share[39m
[31md/pub_cache/hosted/pu
b.dev/[39m
[31mmobile_scanner-5.2.3/
lib/mo[39m
[31mbile_scanner_web_plug
in.dar[39m
[31mt': Error 
reading[39m
[31m'/C:/Users/hiii/.puro
/share[39m
[31md/pub_cache/hosted/pu
b.dev/[39m
[31mmobile_scanner-5.2.3/
lib/mo[39m
[31mbile_scanner_web_plug
in.dar[39m
[31mt'  (The system 
cannot find[39m
[31mthe file 
specified)[39m
[31mimport[39m
[31m'package:mobile_scann
er/mob[39m
[31mile_scanner_web_plugi
n.dart[39m
[31m';[39m
[31m       ^[39m
[31m.dart_tool/flutter_bu
ild/26[39m
[31mfd14d1a5ea4c7ae456c0e
acc587[39m
[31m559/web_plugin_regist
rant.d[39m
[31mart:23:3:[39m
[31mError: Undefined 
name[39m
[31m'MobileScannerWebPlug
in'.[39m
[31m  MobileScannerWebPlu
gin.re[39m
[31m  gisterWith(registra
r);[39m
[31m  ^^^^^^^^^^^^^^^^^^^
^^^[39m
[31mlib/features/authenti
city/n[39m
[31mfc_scan_screen.dart:1
07:39:[39m
[31mError: The operator 
'&'[39m
[31misn't defined for 
the type[39m
[31m'Object'.[39m
[31m - 'Object' is 
from[39m
[31m 'dart:core'.[39m
[31m              final 
langLen[39m
[31m              = 
encoded &[39m
[31m              
0x3F;[39m
[31m                 
^[39m
[31mlib/features/authenti
city/n[39m
[31mfc_scan_screen.dart:1
08:59:[39m
[31mError: The argument 
type[39m
[31m'num' can't be 
assigned to[39m
[31mthe parameter type 
'int'.[39m
[31m              
payload =[39m
[31m              
String.fromCh[39m
[31m              
arCodes(bytes[39m
[31m              
.skip(1 +[39m
[31m              
langLen));[39m
[31m                 
^[39m
[31mError: Compilation 
failed.[39m
[31m  Command:[39m
[31m  C:\Users\hiii\.puro
\envs\[39m
[31m  stable\flutter\bin\
cache\[39m
[31m  
dart-sdk\bin\dart.exe[39m
[31m  compile js[39m
[31m  --platform-binaries
=C:\Us[39m
[31m  ers\hiii\.puro\envs
\stabl[39m
[31m  e\flutter\bin\cache
\flutt[39m
[31m  
er_web_sdk\kernel[39m
[31m  --invoker=flutter_t
ool[39m
[31m  -Ddart.vm.product=t
rue[39m
[31m  -DFLUTTER_VERSION=3
.41.6[39m
[31m  -DFLUTTER_CHANNEL=s
table[39m
[31m  -DFLUTTER_GIT_URL=h
ttps:/[39m
[31m  /github.com/flutter
/flutt[39m
[31m  er.git[39m
[31m  -DFLUTTER_FRAMEWORK
_REVIS[39m
[31m  ION=db50e20168[39m
[31m  -DFLUTTER_ENGINE_RE
VISION[39m
[31m  =425cfb54d0[39m
[31m  -DFLUTTER_DART_VERS
ION=3.[39m
[31m  11.4[39m
[31m  -DFLUTTER_WEB_USE_S
KIA=tr[39m
[31m  ue[39m
[31m  -DFLUTTER_WEB_USE_S
KWASM=[39m
[31m  false[39m
[31m  -DFLUTTER_WEB_CANVA
SKIT_U[39m
[31m  RL=https://www.gsta
tic.co[39m
[31m  m/flutter-canvaskit
/425cf[39m
[31m  b54d01a9472b3e81d9e
76fd63[39m
[31m  a4a44cfbcb/[39m
[31m  --native-null-asser
tions[39m
[31m  --no-source-maps 
-O4[39m
[31m  --minify -o[39m
[31m  E:\artyug\Artyug-ma
in\.da[39m
[31m  rt_tool\flutter_bui
ld\26f[39m
[31m  d14d1a5ea4c7ae456c0
eacc58[39m
[31m  7559\app.dill[39m
[31m  --packages=E:\artyu
g\Arty[39m
[31m  ug-main\.dart_tool\
packag[39m
[31m  e_config.json 
--cfe-only[39m
[31m  E:\artyug\Artyug-ma
in\.da[39m
[31m  rt_tool\flutter_bui
ld\26f[39m
[31m  d14d1a5ea4c7ae456c0
eacc58[39m
[31m  7559\main.dart[39m
#0      
RunResult.throwException (
package:flutter_tools/src/
base/process.dart:153:5)
#1      
_DefaultProcessUtils.run (
package:flutter_tools/src/
base/process.dart:379:19)
<asynchronous suspension>
#2      
Dart2JSTarget.build (packa
ge:flutter_tools/src/build
_system/targets/web.dart:2
08:5)
<asynchronous suspension>
#3      _BuildInstance._in
vokeInternal (package:flut
ter_tools/src/build_system
/build_system.dart:937:9)
<asynchronous suspension>
#4      
Future.wait.<anonymous 
closure> (dart:async/futur
e.dart:546:21)
<asynchronous suspension>
#5      _BuildInstance.inv
okeTarget (package:flutter
_tools/src/build_system/bu
ild_system.dart:875:32)
<asynchronous suspension>
#6      
Future.wait.<anonymous 
closure> (dart:async/futur
e.dart:546:21)
<asynchronous suspension>
#7      _BuildInstance.inv
okeTarget (package:flutter
_tools/src/build_system/bu
ild_system.dart:875:32)
<asynchronous suspension>
#8      
FlutterBuildSystem.build (
package:flutter_tools/src/
build_system/build_system.
dart:684:16)
<asynchronous suspension>
#9      
WebBuilder.buildWeb (packa
ge:flutter_tools/src/web/c
ompile.dart:107:34)
<asynchronous suspension>
#10     BuildWebCommand.ru
nCommand (package:flutter_
tools/src/commands/build_w
eb.dart:300:5)
<asynchronous suspension>
#11     FlutterCommand.run
.<anonymous closure> (pack
age:flutter_tools/src/runn
er/flutter_command.dart:15
90:27)
<asynchronous suspension>
#12     
AppContext.run.<anonymous 
closure> (package:flutter_
tools/src/base/context.dar
t:154:19)
<asynchronous suspension>
#13     
CommandRunner.runCommand (
package:args/command_runne
r.dart:212:13)
<asynchronous suspension>
#14     FlutterCommandRunn
er.runCommand.<anonymous 
closure> (package:flutter_
tools/src/runner/flutter_c
ommand_runner.dart:496:9)
<asynchronous suspension>
#15     
AppContext.run.<anonymous 
closure> (package:flutter_
tools/src/base/context.dar
t:154:19)
<asynchronous suspension>
#16     FlutterCommandRunn
er.runCommand (package:flu
tter_tools/src/runner/flut
ter_command_runner.dart:43
1:5)
<asynchronous suspension>
#17     FlutterCommandRunn
er.run.<anonymous 
closure> (package:flutter_
tools/src/runner/flutter_c
ommand_runner.dart:307:33)
<asynchronous suspension>
#18     run.<anonymous 
closure>.<anonymous 
closure> (package:flutter_
tools/runner.dart:104:11)
<asynchronous suspension>
#19     
AppContext.run.<anonymous 
closure> (package:flutter_
tools/src/base/context.dar
t:154:19)
<asynchronous suspension>
#20     main (package:flut
ter_tools/executable.dart:
103:3)
<asynchronous suspension>

[31mError: Failed to 
compile[39m
[31mapplication for the 
Web.[39m
